ASxxxx Linker V03.00/V05.40 + sdld,  page 1.
Hexadecimal  [32-Bits]

Area                                    Addr        Size        Decimal Bytes (Attributes)
--------------------------------        ----        ----        ------- ----- ------------
.  .ABS.                            00000000    00000000 =           0. bytes (ABS,CON)

      Value  Global                              Global Defined In Module
      -----  --------------------------------   ------------------------
     00000000  .__.ABS.                           _startup
     00000000  l_CABS                          
     00000000  l_CONST                         
     00000000  l_DABS                          
     00000000  l_DATA                          
     00000000  l__CODE                         
     00000000  s_CABS                          
     00000000  s_DABS                          
     00000000  s__CODE                         
     00000001  l_SSEG                          
     00000001  s_DATA                          
     00000001  s_INITIALIZED                   
     00000003  l_GSFINAL                       
     00000007  l_HOME                          
     0000000C  l_INITIALIZED                   
     0000000C  l_INITIALIZER                   
     0000000D  s_SSEG                          
     00000023  l_GSINIT                        
     000000A5  l_CODE                          
     00008000  s_HOME                          
     00008007  s_GSINIT                        
     0000802A  s_GSFINAL                       
     0000802D  s_CONST                         
     0000802D  s_INITIALIZER                   
     00008039  s_CODE                          

ASxxxx Linker V03.00/V05.40 + sdld,  page 2.
Hexadecimal  [32-Bits]

Area                                    Addr        Size        Decimal Bytes (Attributes)
--------------------------------        ----        ----        ------- ----- ------------
INITIALIZED                         00000001    0000000C =          12. bytes (REL,CON)

      Value  Global                              Global Defined In Module
      -----  --------------------------------   ------------------------
     00000001  Fmain$LED_BLUE$0_0$0               main
     00000004  Fmain$LED_GREEN$0_0$0              main
     00000007  Fled$LED_BLUE$0_0$0                led
     0000000A  Fled$LED_GREEN$0_0$0               led

ASxxxx Linker V03.00/V05.40 + sdld,  page 3.
Hexadecimal  [32-Bits]

Area                                    Addr        Size        Decimal Bytes (Attributes)
--------------------------------        ----        ----        ------- ----- ------------
SSEG                                0000000D    00000001 =           1. bytes (REL,CON)

      Value  Global                              Global Defined In Module
      -----  --------------------------------   ------------------------
ASxxxx Linker V03.00/V05.40 + sdld,  page 4.
Hexadecimal  [32-Bits]

Area                                    Addr        Size        Decimal Bytes (Attributes)
--------------------------------        ----        ----        ------- ----- ------------
HOME                                00008000    00000007 =           7. bytes (REL,CON)

      Value  Global                              Global Defined In Module
      -----  --------------------------------   ------------------------
     00008000  A$main$52                          main
     00008004  A$main$90                          main

ASxxxx Linker V03.00/V05.40 + sdld,  page 5.
Hexadecimal  [32-Bits]

Area                                    Addr        Size        Decimal Bytes (Attributes)
--------------------------------        ----        ----        ------- ----- ------------
GSINIT                              00008007    00000023 =          35. bytes (REL,CON)

      Value  Global                              Global Defined In Module
      -----  --------------------------------   ------------------------
     00008007  A$main$60                          main
     0000800A  A$main$61                          main
     0000800B  A$main$62                          main
     0000800D  A$main$63                          main
     00008010  A$main$66                          main
     00008013  A$main$67                          main
     00008015  A$main$69                          main
     00008019  A$main$70                          main
     0000801A  A$main$71                          main
     0000801C  A$main$73                          main
     0000801F  A$main$74                          main
     00008021  A$main$76                          main
     00008024  A$main$77                          main
     00008027  A$main$78                          main
     00008028  A$main$79                          main
ASxxxx Linker V03.00/V05.40 + sdld,  page 6.
Hexadecimal  [32-Bits]

Area                                    Addr        Size        Decimal Bytes (Attributes)
--------------------------------        ----        ----        ------- ----- ------------
GSFINAL                             0000802A    00000003 =           3. bytes (REL,CON)

      Value  Global                              Global Defined In Module
      -----  --------------------------------   ------------------------
     0000802A  A$main$83                          main

ASxxxx Linker V03.00/V05.40 + sdld,  page 7.
Hexadecimal  [32-Bits]

Area                                    Addr        Size        Decimal Bytes (Attributes)
--------------------------------        ----        ----        ------- ----- ------------
INITIALIZER                         0000802D    0000000C =          12. bytes (REL,CON)

      Value  Global                              Global Defined In Module
      -----  --------------------------------   ------------------------
     0000802D  Fmain$__xinit_LED_BLUE$0_0$0       main
     00008030  Fmain$__xinit_LED_GREEN$0_0$0      main
     00008033  Fled$__xinit_LED_BLUE$0_0$0        led
     00008036  Fled$__xinit_LED_GREEN$0_0$0       led

ASxxxx Linker V03.00/V05.40 + sdld,  page 8.
Hexadecimal  [32-Bits]

Area                                    Addr        Size        Decimal Bytes (Attributes)
--------------------------------        ----        ----        ------- ----- ------------
CODE                                00008039    000000A5 =         165. bytes (REL,CON)

      Value  Global                              Global Defined In Module
      -----  --------------------------------   ------------------------
     00008039  A$main$106                         main
     00008039  C$main.c$14$0_0$3                  main
     00008039  G$main$0$0                         main
     00008039  _main                              main
     0000803A  A$main$110                         main
     0000803A  C$main.c$17$1_0$3                  main
     0000803D  A$main$116                         main
     0000803D  C$main.c$21$3_0$5                  main
     00008040  A$main$119                         main
     00008041  A$main$121                         main
     00008043  A$main$122                         main
     00008044  A$main$123                         main
     00008045  A$main$125                         main
     00008046  A$main$126                         main
     00008049  A$main$127                         main
     0000804B  A$main$128                         main
     0000804E  A$main$135                         main
     0000804E  C$main.c$23$4_0$6                  main
     00008051  A$main$138                         main
     00008055  A$main$140                         main
     00008057  A$main$141                         main
     00008059  A$main$144                         main
     0000805C  A$main$146                         main
     0000805D  A$main$148                         main
     0000805F  A$main$150                         main
     00008060  A$main$155                         main
     00008060  C$main.c$24$4_0$6                  main
     00008063  A$main$158                         main
     00008067  A$main$160                         main
     00008069  A$main$161                         main
     0000806B  A$main$164                         main
     0000806E  A$main$166                         main
     00008070  A$main$168                         main
     00008071  A$main$170                         main
     00008074  A$main$177                         main
     00008074  C$main.c$27$4_0$7                  main
     00008077  A$main$180                         main
     0000807B  A$main$182                         main
     0000807D  A$main$183                         main
     0000807F  A$main$186                         main
     00008082  A$main$188                         main
     00008083  A$main$190                         main
     00008085  A$main$192                         main
     00008086  A$main$197                         main
     00008086  C$main.c$28$4_0$7                  main
     00008089  A$main$200                         main
     0000808D  A$main$202                         main
     0000808F  A$main$203                         main
     00008091  A$main$206                         main
     00008094  A$main$208                         main
ASxxxx Linker V03.00/V05.40 + sdld,  page 9.
Hexadecimal  [32-Bits]

Area                                    Addr        Size        Decimal Bytes (Attributes)
--------------------------------        ----        ----        ------- ----- ------------
CODE                                00008039    000000A5 =         165. bytes (REL,CON)

      Value  Global                              Global Defined In Module
      -----  --------------------------------   ------------------------
     00008096  A$main$210                         main
     00008097  A$main$212                         main
     0000809A  A$main$218                         main
     0000809B  A$main$221                         main
     0000809B  C$main.c$33$2_0$3                  main
     0000809B  XG$main$0$0                        main
     0000809C  A$led$68                           led
     0000809C  C$led.c$11$1_0$3                   led
     0000809C  C$led.c$4$0_0$3                    led
     0000809C  G$setup_led$0$0                    led
     0000809C  _setup_led                         led
     000080A0  A$led$72                           led
     000080A0  C$led.c$12$1_0$3                   led
     000080A4  A$led$76                           led
     000080A4  C$led.c$14$1_0$3                   led
     000080A8  A$led$80                           led
     000080A8  C$led.c$15$1_0$3                   led
     000080AC  A$led$84                           led
     000080AC  C$led.c$16$1_0$3                   led
     000080B0  A$led$88                           led
     000080B0  C$led.c$17$1_0$3                   led
     000080B4  A$led$96                           led
     000080B4  C$led.c$18$1_0$3                   led
     000080B4  XG$setup_led$0$0                   led
     000080B5  A$registers$60                     registers
     000080B5  C$registers.c$2$0_0$2              registers
     000080B5  G$set_bit_high$0$0                 registers
     000080B5  _set_bit_high                      registers
     000080B7  A$registers$62                     registers
     000080B9  A$registers$66                     registers
     000080B9  C$registers.c$3$1_0$2              registers
     000080BB  A$registers$68                     registers
     000080BC  A$registers$69                     registers
     000080BE  A$registers$72                     registers
     000080C0  A$registers$74                     registers
     000080C2  A$registers$76                     registers
     000080C3  A$registers$82                     registers
     000080C3  C$registers.c$5$1_0$2              registers
     000080C5  A$registers$83                     registers
     000080C7  A$registers$84                     registers
     000080C8  A$registers$95                     registers
     000080C8  C$registers.c$6$1_0$4              registers
     000080C8  G$set_bit_low$0$0                  registers
     000080C8  _set_bit_low                       registers
     000080CA  A$registers$97                     registers
     000080CC  A$registers$101                    registers
     000080CC  C$registers.c$7$1_0$4              registers
     000080CE  A$registers$103                    registers
     000080CF  A$registers$104                    registers
     000080D1  A$registers$107                    registers
     000080D3  A$registers$109                    registers
ASxxxx Linker V03.00/V05.40 + sdld,  page 10.
Hexadecimal  [32-Bits]

Area                                    Addr        Size        Decimal Bytes (Attributes)
--------------------------------        ----        ----        ------- ----- ------------
CODE                                00008039    000000A5 =         165. bytes (REL,CON)

      Value  Global                              Global Defined In Module
      -----  --------------------------------   ------------------------
     000080D4  A$registers$111                    registers
     000080D6  A$registers$113                    registers
     000080D7  A$registers$119                    registers
     000080D7  C$registers.c$8$1_0$4              registers
     000080D9  A$registers$120                    registers
     000080DB  A$registers$121                    registers
     000080DC  ___sdcc_external_startup           _startup
ASxxxx Linker V03.00/V05.40 + sdld,  page 11.

Files Linked                              [ module(s) ]

./build/main.rel                          [ main ]
./build/led.rel                           [ led ]
./build/lcd.rel                           [ lcd ]
./build/registers.rel                     [ registers ]


Libraries Linked                          [ object file ]

/opt/homebrew/bin/../share/sdcc/lib/stm8/stm8.lib
                                          [ _startup.rel ]

ASxxxx Linker V03.00/V05.40 + sdld,  page 12.

User Base Address Definitions

HOME = 0x8000
DATA = 0x0001

