ASxxxx Linker V03.00/V05.40 + sdld,  page 1.
Hexadecimal  [32-Bits]

Area                                    Addr        Size        Decimal Bytes (Attributes)
--------------------------------        ----        ----        ------- ----- ------------
.  .ABS.                            00000000    00000000 =           0. bytes (ABS,CON)

      Value  Global                              Global Defined In Module
      -----  --------------------------------   ------------------------
     00000000  .__.ABS.                           _startup
     00000000  _set_blue_high                  
     00000000  _set_blue_low                   
     00000000  _set_green_high                 
     00000000  _set_green_low                  
     00000000  _setup_led                      
     00000000  l_CABS                          
     00000000  l_CONST                         
     00000000  l_DABS                          
     00000000  l_DATA                          
     00000000  l_INITIALIZED                   
     00000000  l_INITIALIZER                   
     00000000  l__CODE                         
     00000000  s_CABS                          
     00000000  s_DABS                          
     00000000  s__CODE                         
     00000001  l_SSEG                          
     00000001  s_DATA                          
     00000001  s_INITIALIZED                   
     00000001  s_SSEG                          
     00000003  l_GSFINAL                       
     00000007  l_HOME                          
     00000023  l_GSINIT                        
     00000029  l_CODE                          
     00008000  s_HOME                          
     00008007  s_GSINIT                        
     0000802A  s_GSFINAL                       
     0000802D  s_CODE                          
     0000802D  s_CONST                         
     0000802D  s_INITIALIZER                   
ASxxxx Linker V03.00/V05.40 + sdld,  page 2.
Hexadecimal  [32-Bits]

Area                                    Addr        Size        Decimal Bytes (Attributes)
--------------------------------        ----        ----        ------- ----- ------------
SSEG                                00000001    00000001 =           1. bytes (REL,CON)

      Value  Global                              Global Defined In Module
      -----  --------------------------------   ------------------------
ASxxxx Linker V03.00/V05.40 + sdld,  page 3.
Hexadecimal  [32-Bits]

Area                                    Addr        Size        Decimal Bytes (Attributes)
--------------------------------        ----        ----        ------- ----- ------------
HOME                                00008000    00000007 =           7. bytes (REL,CON)

      Value  Global                              Global Defined In Module
      -----  --------------------------------   ------------------------
     00008000  A$main$50                          main
     00008004  A$main$88                          main

ASxxxx Linker V03.00/V05.40 + sdld,  page 4.
Hexadecimal  [32-Bits]

Area                                    Addr        Size        Decimal Bytes (Attributes)
--------------------------------        ----        ----        ------- ----- ------------
GSINIT                              00008007    00000023 =          35. bytes (REL,CON)

      Value  Global                              Global Defined In Module
      -----  --------------------------------   ------------------------
     00008007  A$main$58                          main
     0000800A  A$main$59                          main
     0000800B  A$main$60                          main
     0000800D  A$main$61                          main
     00008010  A$main$64                          main
     00008013  A$main$65                          main
     00008015  A$main$67                          main
     00008019  A$main$68                          main
     0000801A  A$main$69                          main
     0000801C  A$main$71                          main
     0000801F  A$main$72                          main
     00008021  A$main$74                          main
     00008024  A$main$75                          main
     00008027  A$main$76                          main
     00008028  A$main$77                          main
ASxxxx Linker V03.00/V05.40 + sdld,  page 5.
Hexadecimal  [32-Bits]

Area                                    Addr        Size        Decimal Bytes (Attributes)
--------------------------------        ----        ----        ------- ----- ------------
GSFINAL                             0000802A    00000003 =           3. bytes (REL,CON)

      Value  Global                              Global Defined In Module
      -----  --------------------------------   ------------------------
     0000802A  A$main$81                          main

ASxxxx Linker V03.00/V05.40 + sdld,  page 6.
Hexadecimal  [32-Bits]

Area                                    Addr        Size        Decimal Bytes (Attributes)
--------------------------------        ----        ----        ------- ----- ------------
CODE                                0000802D    00000029 =          41. bytes (REL,CON)

      Value  Global                              Global Defined In Module
      -----  --------------------------------   ------------------------
     0000802D  A$main$107                         main
     0000802D  C$main.c$5$0_0$7                   main
     0000802D  C$main.c$8$1_0$7                   main
     0000802D  G$main$0$0                         main
     0000802D  _main                              main
     00008030  A$main$113                         main
     00008030  C$main.c$12$3_0$9                  main
     00008033  A$main$116                         main
     00008034  A$main$118                         main
     00008036  A$main$119                         main
     00008037  A$main$120                         main
     00008038  A$main$122                         main
     00008039  A$main$123                         main
     0000803C  A$main$124                         main
     0000803E  A$main$125                         main
     00008041  A$main$131                         main
     00008041  C$main.c$14$4_0$10                 main
     00008044  A$main$135                         main
     00008044  C$main.c$15$4_0$10                 main
     00008047  A$main$137                         main
     0000804A  A$main$143                         main
     0000804A  C$main.c$18$4_0$11                 main
     0000804D  A$main$147                         main
     0000804D  C$main.c$19$4_0$11                 main
     00008050  A$main$149                         main
     00008053  A$main$157                         main
     00008053  C$main.c$24$2_0$7                  main
     00008053  XG$main$0$0                        main
     00008054  ___sdcc_external_startup           _startup

ASxxxx Linker V03.00/V05.40 + sdld,  page 7.

Files Linked                              [ module(s) ]

./build/main.rel                          [ main ]


Libraries Linked                          [ object file ]

/opt/homebrew/bin/../share/sdcc/lib/stm8/stm8.lib
                                          [ _startup.rel ]

ASxxxx Linker V03.00/V05.40 + sdld,  page 8.

User Base Address Definitions

HOME = 0x8000
DATA = 0x0001


?ASlink-Warning-Undefined Global '_set_green_low' referenced by module 'main'

?ASlink-Warning-Undefined Global '_set_green_high' referenced by module 'main'

?ASlink-Warning-Undefined Global '_set_blue_low' referenced by module 'main'

?ASlink-Warning-Undefined Global '_setup_led' referenced by module 'main'

?ASlink-Warning-Undefined Global '_set_blue_high' referenced by module 'main'
